beard5
is
           ##########
        ####..******####
      ###..  3ABCDEF...##
      ##                 ##
     ###                  ##
    ###.....\\\...\\\.....###
    #..     \\\ * \\\      ##
    ##          *          ##
     ###       ***        ##
       #*****************##
       ###..............##
         ###...........##
           ####WR..W####
              ##L####
               .....
           ######  ######
          ##1\! G##2 !\H##
           ######  ######
ie

Trampoline A targets 1
Trampoline B targets 1
Trampoline C targets 1
Trampoline D targets 1
Trampoline E targets 1
Trampoline F targets 1
Trampoline G targets 2
Trampoline H targets 3
Flooding 0
Growth 5
Razors 10

c
RRLRURRRRULWRUUUULLULDLULLLLDLULDRUURUURRRRRRRRRRRRRDSRSRDSDSDSDSSRDSDSDLSLSLWWWLD
c
os
           ########## WWWWWWW
        ####..WWWWWW####WWWWW
      ###..WWWWWWWWW...##WWWW
      ## WWWWWWWWWWWWWWWW##WW
     ### WWWWWWWW**WWWWWWW##W
    ###.....WWWWWWWWW.....###
    #..  WWWWWWW*WWWWWWWWWW##
    ##   WWWWWW**WWWWWWWWWW##
     ### WWWWW***  WWWWWWW##
       #********* *WWWW**##
       ###.......*** WW.##
         ###.....RW****##
           ####WWWWW####
              ##O####
               .....
           ######  ######
          ##     ##     ##
           ######  ######
oe

Growth_F 5
Razors_F 1
Flooding_F 0
Score_F 443
Moves_F 82
Lambda_F 14
LambdaMax_F 14
WaterLevel_F 0
GameCondition_F RB_CRUSHED
