is
##############################
#R...........................#
#.........................W..#
#..\\\\\\\\\\\\\\\\\\\\\\\\..#
#............................#
#..*****.*\...*...*...*****..#
#..*\....*\....*\*..*.\\*\\..#
#..*\....****..!*!......*....#
#..*\....*\....*\*..*...*....#
#..*\....*\...*...*.....*....#
#............................#
#..\\\\\\\\\\\\\\\\\\\\\\\\..#
#................ ..... .....#
#................      W....L#
##############################
ie

Growth 25
Razors 10
Flooding 20



c
RDDRRRRRRRRRRRRRRRRRRRRRRRRDRDDLLRDDDDDLLLLLLLLLLLLLLLLLLLLLLLURUUUURRRRUURRDDRRRDRRLLDDLLLURRRRUURRURURRRRDDRRLDDDLLLDLLURULLRRRRRRDDRRRSRRRDD
c

os
##############################
#  ..........................#
#. .......................W..#
#.                    WWWWW..#
#.......   ......     ....WW.#
#..        ... .  *..    WWW.#
#..  ****        *..** * *W*.#
#..  ....        !.... . . ..#
#..  ....**  ****      .*. ..#
#..**....******..   *  .*. ..#
#..**............  W..  *    #
#..**             *WWWWW** . #
#................ .....W....R#
#................*WWWWWW....O#
##############################
oe



F_Growth 25
F_Razors 11
F_Flooding 20
F_Score 1407
F_Moves 143
F_Lambda 62
F_LambdaMax 62
F_WaterLevel 7
F_GameCondition RB_DROWNED
